
==================== Cpr signatures ====================
FacState.$trModule: (*,)
FacState.fac: (*1(*, #1(#)),c1(, c1()))


