
==================== Cpr signatures ====================
T1600.$trModule: (*,)
T1600.facIO: (*1(*, #1(#)),c1(, c1()))


