
==================== Tidy Core ====================
Result size of Tidy Core = {terms: 332, types: 351, coercions: 6, joins: 0/1}

-- RHS size: {terms: 1, types: 0, coercions: 0, joins: 0/0}
T18174.$trModule4 :: GHC.Prim.Addr#
T18174.$trModule4 = "main"#

-- RHS size: {terms: 2, types: 0, coercions: 0, joins: 0/0}
T18174.$trModule3 :: GHC.Types.TrName
T18174.$trModule3 = GHC.Types.TrNameS T18174.$trModule4

-- RHS size: {terms: 1, types: 0, coercions: 0, joins: 0/0}
T18174.$trModule2 :: GHC.Prim.Addr#
T18174.$trModule2 = "T18174"#

-- RHS size: {terms: 2, types: 0, coercions: 0, joins: 0/0}
T18174.$trModule1 :: GHC.Types.TrName
T18174.$trModule1 = GHC.Types.TrNameS T18174.$trModule2

-- RHS size: {terms: 3, types: 0, coercions: 0, joins: 0/0}
T18174.$trModule :: GHC.Types.Module
T18174.$trModule = GHC.Types.Module T18174.$trModule3 T18174.$trModule1

-- RHS size: {terms: 2, types: 0, coercions: 0, joins: 0/0}
lvl_r1n3 :: Int
lvl_r1n3 = GHC.Types.I# 1#

Rec {
-- RHS size: {terms: 38, types: 37, coercions: 0, joins: 0/1}
T18174.$wfac3 :: forall {a}. GHC.Prim.Int# -> a -> (# a, Int #)
T18174.$wfac3
  = \ (@a_s1cU) (ww_s1cY :: GHC.Prim.Int#) (w_s1cW :: a_s1cU) ->
      case GHC.Prim.<# ww_s1cY 2# of {
        __DEFAULT ->
          let {
            ds_s17X :: (a_s1cU, Int)
            ds_s17X = case T18174.$wfac3 @a_s1cU (GHC.Prim.-# ww_s1cY 1#) w_s1cW of { (# ww1_s1d2, ww2_s1d3 #) -> (ww1_s1d2, ww2_s1d3) } } in
          (# case ds_s17X of { (s'_aX7, n'_aX8) -> s'_aX7 }, case ds_s17X of { (s'_aX7, n'_aX8) -> case n'_aX8 of { GHC.Types.I# ww1_s1cS -> GHC.Types.I# (GHC.Prim.*# ww1_s1cS ww1_s1cS) } } #);
        1# -> (# w_s1cW, lvl_r1n3 #)
      }
end Rec }

-- RHS size: {terms: 14, types: 15, coercions: 0, joins: 0/0}
fac3 :: forall a. Int -> a -> (a, Int)
fac3 = \ (@a_s1cU) (w_s1cV :: Int) (w1_s1cW :: a_s1cU) -> case w_s1cV of { GHC.Types.I# ww_s1cY -> case T18174.$wfac3 @a_s1cU ww_s1cY w1_s1cW of { (# ww1_s1d2, ww2_s1d3 #) -> (ww1_s1d2, ww2_s1d3) } }

Rec {
-- RHS size: {terms: 24, types: 20, coercions: 0, joins: 0/0}
T18174.$wfac2 :: forall {a}. GHC.Prim.Int# -> a -> (# a, GHC.Prim.Int# #)
T18174.$wfac2
  = \ (@a_s1d5) (ww_s1d9 :: GHC.Prim.Int#) (w_s1d7 :: a_s1d5) ->
      case GHC.Prim.<# ww_s1d9 2# of {
        __DEFAULT -> case T18174.$wfac2 @a_s1d5 (GHC.Prim.-# ww_s1d9 1#) w_s1d7 of { (# ww1_s1dd, ww2_s1dg #) -> (# ww1_s1dd, GHC.Prim.*# ww2_s1dg ww2_s1dg #) };
        1# -> (# w_s1d7, 1# #)
      }
end Rec }

-- RHS size: {terms: 15, types: 15, coercions: 0, joins: 0/0}
fac2 :: forall a. Int -> a -> (a, Int)
fac2 = \ (@a_s1d5) (w_s1d6 :: Int) (w1_s1d7 :: a_s1d5) -> case w_s1d6 of { GHC.Types.I# ww_s1d9 -> case T18174.$wfac2 @a_s1d5 ww_s1d9 w1_s1d7 of { (# ww1_s1dd, ww2_s1dg #) -> (ww1_s1dd, GHC.Types.I# ww2_s1dg) } }

Rec {
-- RHS size: {terms: 24, types: 20, coercions: 0, joins: 0/0}
T18174.$wfac1 :: forall {a}. GHC.Prim.Int# -> a -> (# a, GHC.Prim.Int# #)
T18174.$wfac1
  = \ (@a_s1di) (ww_s1dm :: GHC.Prim.Int#) (w_s1dk :: a_s1di) ->
      case GHC.Prim.<# ww_s1dm 2# of {
        __DEFAULT -> case T18174.$wfac1 @a_s1di (GHC.Prim.-# ww_s1dm 1#) w_s1dk of { (# ww1_s1dq, ww2_s1dt #) -> (# ww1_s1dq, GHC.Prim.*# ww_s1dm ww2_s1dt #) };
        1# -> (# w_s1dk, 1# #)
      }
end Rec }

-- RHS size: {terms: 15, types: 15, coercions: 0, joins: 0/0}
fac1 :: forall a. Int -> a -> (a, Int)
fac1 = \ (@a_s1di) (w_s1dj :: Int) (w1_s1dk :: a_s1di) -> case w_s1dj of { GHC.Types.I# ww_s1dm -> case T18174.$wfac1 @a_s1di ww_s1dm w1_s1dk of { (# ww1_s1dq, ww2_s1dt #) -> (ww1_s1dq, GHC.Types.I# ww2_s1dt) } }

-- RHS size: {terms: 30, types: 18, coercions: 0, joins: 0/0}
T18174.$wg2 :: GHC.Prim.Int# -> GHC.Prim.Int# -> (# GHC.Prim.Int#, GHC.Prim.Int# #)
T18174.$wg2
  = \ (ww_s1dy :: GHC.Prim.Int#) (ww1_s1dB :: GHC.Prim.Int#) ->
      case ww1_s1dB of ds_X2 {
        __DEFAULT -> case GHC.Classes.divInt# 2# ds_X2 of ww2_a14U { __DEFAULT -> (# GHC.Prim.*# 2# ww_s1dy, ww2_a14U #) };
        -1# -> (# GHC.Prim.*# 2# ww_s1dy, -2# #);
        0# -> case GHC.Real.divZeroError of wild_00 { };
        1# -> (# GHC.Prim.+# 2# ww_s1dy, 0# #)
      }

-- RHS size: {terms: 26, types: 17, coercions: 0, joins: 0/0}
T18174.$wh2 :: GHC.Prim.Int# -> GHC.Prim.Int#
T18174.$wh2
  = \ (ww_s1dO :: GHC.Prim.Int#) ->
      case ww_s1dO of ds_X2 {
        __DEFAULT ->
          case GHC.Prim.remInt# ds_X2 2# of {
            __DEFAULT -> case T18174.$wg2 ds_X2 2# of { (# ww1_s1dH, ww2_s1dK #) -> ww2_s1dK };
            0# -> case T18174.$wg2 2# ds_X2 of { (# ww1_s1dH, ww2_s1dK #) -> GHC.Prim.+# ww1_s1dH ww2_s1dK }
          };
        1# -> 0#
      }

-- RHS size: {terms: 10, types: 4, coercions: 0, joins: 0/0}
h2 :: Int -> Int
h2 = \ (w_s1dM :: Int) -> case w_s1dM of { GHC.Types.I# ww_s1dO -> case T18174.$wh2 ww_s1dO of ww1_s1dS { __DEFAULT -> GHC.Types.I# ww1_s1dS } }

-- RHS size: {terms: 2, types: 0, coercions: 0, joins: 0/0}
lvl1_r1n4 :: Int
lvl1_r1n4 = GHC.Types.I# 0#

-- RHS size: {terms: 2, types: 0, coercions: 0, joins: 0/0}
lvl2_r1n5 :: Int
lvl2_r1n5 = GHC.Types.I# -2#

-- RHS size: {terms: 27, types: 14, coercions: 0, joins: 0/0}
T18174.$wg1 :: GHC.Prim.Int# -> (# GHC.Prim.Int#, Int #)
T18174.$wg1
  = \ (ww_s1dW :: GHC.Prim.Int#) ->
      case ww_s1dW of ds_X2 {
        __DEFAULT ->
          (# GHC.Prim.*# 2# ds_X2,
             case ds_X2 of {
               __DEFAULT -> case GHC.Classes.divInt# 2# ds_X2 of ww2_a14U { __DEFAULT -> GHC.Types.I# ww2_a14U };
               -1# -> lvl2_r1n5;
               0# -> case GHC.Real.divZeroError of wild_00 { }
             } #);
        1# -> (# 15#, lvl1_r1n4 #)
      }

-- RHS size: {terms: 8, types: 9, coercions: 0, joins: 0/0}
T18174.h4 :: (Int, Int)
T18174.h4 = case T18174.$wg1 2# of { (# ww_s1e2, ww1_s1e3 #) -> (GHC.Types.I# ww_s1e2, ww1_s1e3) }

-- RHS size: {terms: 25, types: 18, coercions: 0, joins: 0/0}
h1 :: Int -> Int
h1
  = \ (w_s1e5 :: Int) ->
      case w_s1e5 of { GHC.Types.I# ww_s1e7 ->
      case ww_s1e7 of ds_X2 {
        __DEFAULT -> case T18174.$wg1 ds_X2 of { (# ww1_s1e2, ww2_s1e3 #) -> case ww2_s1e3 of { GHC.Types.I# y_a155 -> GHC.Types.I# (GHC.Prim.+# ww1_s1e2 y_a155) } };
        1# -> lvl1_r1n4;
        2# -> case T18174.h4 of { (ds1_a12Y, y_a12Z) -> y_a12Z }
      }
      }

Rec {
-- RHS size: {terms: 23, types: 29, coercions: 0, joins: 0/0}
T18174.$wfacIO :: GHC.Prim.Int# -> GHC.Prim.State# GHC.Prim.RealWorld -> (# GHC.Prim.State# GHC.Prim.RealWorld, GHC.Prim.Int# #)
T18174.$wfacIO
  = \ (ww_s1eg :: GHC.Prim.Int#) (w_s1ee :: GHC.Prim.State# GHC.Prim.RealWorld) ->
      case GHC.Prim.<# ww_s1eg 2# of {
        __DEFAULT -> case T18174.$wfacIO (GHC.Prim.-# ww_s1eg 1#) w_s1ee of { (# ww1_s1ek, ww2_s1en #) -> (# ww1_s1ek, GHC.Prim.*# ww_s1eg ww2_s1en #) };
        1# -> (# w_s1ee, 1# #)
      }
end Rec }

-- RHS size: {terms: 14, types: 23, coercions: 0, joins: 0/0}
T18174.facIO1 :: Int -> GHC.Prim.State# GHC.Prim.RealWorld -> (# GHC.Prim.State# GHC.Prim.RealWorld, Int #)
T18174.facIO1 = \ (w_s1ed :: Int) (w1_s1ee :: GHC.Prim.State# GHC.Prim.RealWorld) -> case w_s1ed of { GHC.Types.I# ww_s1eg -> case T18174.$wfacIO ww_s1eg w1_s1ee of { (# ww1_s1ek, ww2_s1en #) -> (# ww1_s1ek, GHC.Types.I# ww2_s1en #) } }

-- RHS size: {terms: 1, types: 0, coercions: 6, joins: 0/0}
facIO :: Int -> IO Int
facIO = T18174.facIO1 `cast` (<Int>_R %<'Many>_N ->_R Sym (GHC.Types.N:IO[0] <Int>_R) :: (Int -> GHC.Prim.State# GHC.Prim.RealWorld -> (# GHC.Prim.State# GHC.Prim.RealWorld, Int #)) ~R# (Int -> IO Int))



